Number of gas species = 4
Number of surface species = 1
Number of surface reactions = 2
Species 0 is CO
Species 1 is O2
Species 2 is CO2
Species 3 is H2O
R species 0: -0.0346047
R species 1: -0.0173024
R species 2: 0.0346047
R species 3: 0
Rgas species 0: 0.000658431
Rgas species 1: -0.000179432
Rgas species 2: -0.000149784
Rgas species 3: 0
Rsite species 0: -0.000508647
RsitePhases species 0: -0.000508647
Heat released by the chemical reactions: 8631.8
