Number of gas phase species = 20
Number of gas phase reactions = 129
Species[0] = CO2
MW[0] = 44.009
Index[CO2] = 0
Species[1] = CH4
MW[1] = 16.043
Index[CH4] = 1
Species[2] = CH3
MW[2] = 15.035
Index[CH3] = 2
Species[3] = CH2
MW[3] = 14.027
Index[CH2] = 3
Species[4] = CH2(S)
MW[4] = 14.027
Index[CH2(S)] = 4
Species[5] = CH3OH
MW[5] = 32.042
Index[CH3OH] = 5
Species[6] = CH3O
MW[6] = 31.034
Index[CH3O] = 6
Species[7] = CH2OH
MW[7] = 31.034
Index[CH2OH] = 7
Species[8] = CH2O
MW[8] = 30.026
Index[CH2O] = 8
Species[9] = HCO
MW[9] = 29.018
Index[HCO] = 9
Species[10] = N2
MW[10] = 28.014
Index[N2] = 10
Species[11] = H2
MW[11] = 2.016
Index[H2] = 11
Species[12] = H
MW[12] = 1.008
Index[H] = 12
Species[13] = O2
MW[13] = 31.998
Index[O2] = 13
Species[14] = O
MW[14] = 15.999
Index[O] = 14
Species[15] = H2O
MW[15] = 18.015
Index[H2O] = 15
Species[16] = OH
MW[16] = 17.007
Index[OH] = 16
Species[17] = H2O2
MW[17] = 34.014
Index[H2O2] = 17
Species[18] = HO2
MW[18] = 33.006
Index[HO2] = 18
Species[19] = CO
MW[19] = 28.01
Index[CO] = 19
