Number of gas phase species = 30
Number of gas phase reactions = 0
Number of solid phase species = 31
Number of solid phase reactions = 33
Species[0] = CELL
MW[0] = 162.141
Index[CELL] = 30
Species[1] = GMSW
MW[1] = 132.115
Index[GMSW] = 31
Species[2] = XYHW
MW[2] = 132.115
Index[XYHW] = 32
Species[3] = XYGR
MW[3] = 132.115
Index[XYGR] = 33
Species[4] = LIGC
MW[4] = 258.273
Index[LIGC] = 34
Species[5] = LIGH
MW[5] = 436.457
Index[LIGH] = 35
Species[6] = LIGO
MW[6] = 422.386
Index[LIGO] = 36
Species[7] = TGL
MW[7] = 897.42
Index[TGL] = 37
Species[8] = TANN
MW[8] = 304.254
Index[TANN] = 38
Species[9] = MOIST
MW[9] = 18.015
Index[MOIST] = 39
Species[10] = ASH
MW[10] = 39.102
Index[ASH] = 40
Species[11] = CELLA
MW[11] = 162.141
Index[CELLA] = 41
Species[12] = HCE1
MW[12] = 132.115
Index[HCE1] = 42
Species[13] = HCE2
MW[13] = 132.115
Index[HCE2] = 43
Species[14] = LIGCC
MW[14] = 258.273
Index[LIGCC] = 44
Species[15] = LIGOH
MW[15] = 378.377
Index[LIGOH] = 45
Species[16] = LIG
MW[16] = 208.213
Index[LIG] = 46
Species[17] = ITANN
MW[17] = 164.116
Index[ITANN] = 47
Species[18] = CHAR
MW[18] = 12.011
Index[CHAR] = 48
Species[19] = COH2S
MW[19] = 30.026
Index[COH2S] = 49
Species[20] = CO2S
MW[20] = 44.009
Index[CO2S] = 50
Species[21] = COS
MW[21] = 28.01
Index[COS] = 51
Species[22] = CH3OHS
MW[22] = 32.042
Index[CH3OHS] = 52
Species[23] = CH4S
MW[23] = 16.043
Index[CH4S] = 53
Species[24] = C2H4S
MW[24] = 28.054
Index[C2H4S] = 54
Species[25] = C6H5OHS
MW[25] = 94.113
Index[C6H5OHS] = 55
Species[26] = CH2OS
MW[26] = 30.026
Index[CH2OS] = 56
Species[27] = H2S
MW[27] = 2.016
Index[H2S] = 57
Species[28] = C2H6S
MW[28] = 30.07
Index[C2H6S] = 58
Species[29] = COSTIFFS
MW[29] = 28.01
Index[COSTIFFS] = 59
Species[30] = CHARO
MW[30] = 28.01
Index[CHARO] = 60
